// Jest Snapshot v1, https://goo.gl/fbAQLP

exports[`Indecision component snapshot match 1`] = `
<img v:if="img" alt="bg">
<h2>Indecision</h2>
<div class="indecision-container"><input type="text" placeholder="Hazme una pregunta">
  <p>Recuerda terminar con un signo de interrogaci√≥n (?)</p>
  <!--v-if-->
</div>
`;
